Command line invocation:
    /Applications/Xcode.app/Contents/Developer/usr/bin/xcodebuild -scheme GymWidgetsExtension -destination "platform=iOS Simulator,name=iPhone 17" build

ComputePackagePrebuildTargetDependencyGraph

Prepare packages

CreateBuildRequest

SendProjectDescription

CreateBuildOperation

ComputeTargetDependencyGraph
note: Building targets in dependency order
note: Target dependency graph (3 targets)
    Target 'LifeFlow' in project 'LifeFlow'
        ➜ Explicit dependency on target 'HydrationWidgetExtension' in project 'LifeFlow'
        ➜ Explicit dependency on target 'GymWidgetsExtension' in project 'LifeFlow'
    Target 'HydrationWidgetExtension' in project 'LifeFlow' (no dependencies)
    Target 'GymWidgetsExtension' in project 'LifeFlow' (no dependencies)

GatherProvisioningInputs

CreateBuildDescription

ExecuteExternalTool /Applications/Xcode.app/Contents/Developer/Toolchains/XcodeDefault.xctoolchain/usr/bin/clang -v -E -dM -isysroot /Applications/Xcode.app/Contents/Developer/Platforms/iPhoneSimulator.platform/Developer/SDKs/iPhoneSimulator26.1.sdk -x c -c /dev/null

ExecuteExternalTool /Applications/Xcode.app/Contents/Developer/usr/bin/actool --version --output-format xml1

ExecuteExternalTool /Applications/Xcode.app/Contents/Developer/usr/bin/actool --print-asset-tag-combinations --output-format xml1 /Users/fezqazi/Documents/LifeFlow iOS App/LifeFlow/LifeFlow/Assets.xcassets

ExecuteExternalTool /Applications/Xcode.app/Contents/Developer/Toolchains/XcodeDefault.xctoolchain/usr/bin/swiftc --version

ExecuteExternalTool /Applications/Xcode.app/Contents/Developer/Toolchains/XcodeDefault.xctoolchain/usr/bin/ld -version_details

Build description signature: 5cfe9397ad5fd98efb544707fd2ffdf4
Build description path: /Users/fezqazi/Library/Developer/Xcode/DerivedData/LifeFlow-foqoqjflknnquzefrknoawaafxoz/Build/Intermediates.noindex/XCBuildData/5cfe9397ad5fd98efb544707fd2ffdf4.xcbuilddata
ClangStatCache /Applications/Xcode.app/Contents/Developer/Toolchains/XcodeDefault.xctoolchain/usr/bin/clang-stat-cache /Applications/Xcode.app/Contents/Developer/Platforms/iPhoneSimulator.platform/Developer/SDKs/iPhoneSimulator26.1.sdk /Users/fezqazi/Library/Developer/Xcode/DerivedData/SDKStatCaches.noindex/iphonesimulator26.1-23B77-3885c01c3e6b6a337905948deab2002e90cf18a4295e390e64c810bc6bd7acbc.sdkstatcache
    cd /Users/fezqazi/Documents/LifeFlow\ iOS\ App/LifeFlow/LifeFlow.xcodeproj
    /Applications/Xcode.app/Contents/Developer/Toolchains/XcodeDefault.xctoolchain/usr/bin/clang-stat-cache /Applications/Xcode.app/Contents/Developer/Platforms/iPhoneSimulator.platform/Developer/SDKs/iPhoneSimulator26.1.sdk -o /Users/fezqazi/Library/Developer/Xcode/DerivedData/SDKStatCaches.noindex/iphonesimulator26.1-23B77-3885c01c3e6b6a337905948deab2002e90cf18a4295e390e64c810bc6bd7acbc.sdkstatcache

ProcessInfoPlistFile /Users/fezqazi/Library/Developer/Xcode/DerivedData/LifeFlow-foqoqjflknnquzefrknoawaafxoz/Build/Products/Debug-iphonesimulator/HydrationWidgetExtension.appex/Info.plist /Users/fezqazi/Documents/LifeFlow\ iOS\ App/LifeFlow/HydrationWidget/Info.plist (in target 'HydrationWidgetExtension' from project 'LifeFlow')
    cd /Users/fezqazi/Documents/LifeFlow\ iOS\ App/LifeFlow
    builtin-infoPlistUtility /Users/fezqazi/Documents/LifeFlow\ iOS\ App/LifeFlow/HydrationWidget/Info.plist -producttype com.apple.product-type.app-extension -expandbuildsettings -format binary -platform iphonesimulator -additionalcontentfile /Users/fezqazi/Library/Developer/Xcode/DerivedData/LifeFlow-foqoqjflknnquzefrknoawaafxoz/Build/Intermediates.noindex/LifeFlow.build/Debug-iphonesimulator/HydrationWidgetExtension.build/assetcatalog_generated_info.plist -o /Users/fezqazi/Library/Developer/Xcode/DerivedData/LifeFlow-foqoqjflknnquzefrknoawaafxoz/Build/Products/Debug-iphonesimulator/HydrationWidgetExtension.appex/Info.plist

ProcessInfoPlistFile /Users/fezqazi/Library/Developer/Xcode/DerivedData/LifeFlow-foqoqjflknnquzefrknoawaafxoz/Build/Products/Debug-iphonesimulator/GymWidgetsExtension.appex/Info.plist /Users/fezqazi/Documents/LifeFlow\ iOS\ App/LifeFlow/GymWidgets/Info.plist (in target 'GymWidgetsExtension' from project 'LifeFlow')
    cd /Users/fezqazi/Documents/LifeFlow\ iOS\ App/LifeFlow
    builtin-infoPlistUtility /Users/fezqazi/Documents/LifeFlow\ iOS\ App/LifeFlow/GymWidgets/Info.plist -producttype com.apple.product-type.app-extension -expandbuildsettings -format binary -platform iphonesimulator -additionalcontentfile /Users/fezqazi/Library/Developer/Xcode/DerivedData/LifeFlow-foqoqjflknnquzefrknoawaafxoz/Build/Intermediates.noindex/LifeFlow.build/Debug-iphonesimulator/GymWidgetsExtension.build/assetcatalog_generated_info.plist -o /Users/fezqazi/Library/Developer/Xcode/DerivedData/LifeFlow-foqoqjflknnquzefrknoawaafxoz/Build/Products/Debug-iphonesimulator/GymWidgetsExtension.appex/Info.plist

ProcessInfoPlistFile /Users/fezqazi/Library/Developer/Xcode/DerivedData/LifeFlow-foqoqjflknnquzefrknoawaafxoz/Build/Products/Debug-iphonesimulator/LifeFlow.app/Info.plist /Users/fezqazi/Library/Developer/Xcode/DerivedData/LifeFlow-foqoqjflknnquzefrknoawaafxoz/Build/Intermediates.noindex/LifeFlow.build/Debug-iphonesimulator/LifeFlow.build/empty-LifeFlow.plist (in target 'LifeFlow' from project 'LifeFlow')
    cd /Users/fezqazi/Documents/LifeFlow\ iOS\ App/LifeFlow
    builtin-infoPlistUtility /Users/fezqazi/Library/Developer/Xcode/DerivedData/LifeFlow-foqoqjflknnquzefrknoawaafxoz/Build/Intermediates.noindex/LifeFlow.build/Debug-iphonesimulator/LifeFlow.build/empty-LifeFlow.plist -producttype com.apple.product-type.application -genpkginfo /Users/fezqazi/Library/Developer/Xcode/DerivedData/LifeFlow-foqoqjflknnquzefrknoawaafxoz/Build/Products/Debug-iphonesimulator/LifeFlow.app/PkgInfo -expandbuildsettings -format binary -platform iphonesimulator -additionalcontentfile /Users/fezqazi/Library/Developer/Xcode/DerivedData/LifeFlow-foqoqjflknnquzefrknoawaafxoz/Build/Intermediates.noindex/LifeFlow.build/Debug-iphonesimulator/LifeFlow.build/assetcatalog_generated_info.plist -scanforprivacyfile /Users/fezqazi/Library/Developer/Xcode/DerivedData/LifeFlow-foqoqjflknnquzefrknoawaafxoz/Build/Products/Debug-iphonesimulator/LifeFlow.app/PlugIns/GymWidgetsExtension.appex -scanforprivacyfile /Users/fezqazi/Library/Developer/Xcode/DerivedData/LifeFlow-foqoqjflknnquzefrknoawaafxoz/Build/Products/Debug-iphonesimulator/LifeFlow.app/PlugIns/HydrationWidgetExtension.appex -o /Users/fezqazi/Library/Developer/Xcode/DerivedData/LifeFlow-foqoqjflknnquzefrknoawaafxoz/Build/Products/Debug-iphonesimulator/LifeFlow.app/Info.plist

CopySwiftLibs /Users/fezqazi/Library/Developer/Xcode/DerivedData/LifeFlow-foqoqjflknnquzefrknoawaafxoz/Build/Products/Debug-iphonesimulator/LifeFlow.app (in target 'LifeFlow' from project 'LifeFlow')
    cd /Users/fezqazi/Documents/LifeFlow\ iOS\ App/LifeFlow
    builtin-swiftStdLibTool --copy --verbose --sign - --scan-executable /Users/fezqazi/Library/Developer/Xcode/DerivedData/LifeFlow-foqoqjflknnquzefrknoawaafxoz/Build/Products/Debug-iphonesimulator/LifeFlow.app/LifeFlow.debug.dylib --scan-folder /Users/fezqazi/Library/Developer/Xcode/DerivedData/LifeFlow-foqoqjflknnquzefrknoawaafxoz/Build/Products/Debug-iphonesimulator/LifeFlow.app/Frameworks --scan-folder /Users/fezqazi/Library/Developer/Xcode/DerivedData/LifeFlow-foqoqjflknnquzefrknoawaafxoz/Build/Products/Debug-iphonesimulator/LifeFlow.app/PlugIns --scan-folder /Users/fezqazi/Library/Developer/Xcode/DerivedData/LifeFlow-foqoqjflknnquzefrknoawaafxoz/Build/Products/Debug-iphonesimulator/LifeFlow.app/SystemExtensions --scan-folder /Users/fezqazi/Library/Developer/Xcode/DerivedData/LifeFlow-foqoqjflknnquzefrknoawaafxoz/Build/Products/Debug-iphonesimulator/LifeFlow.app/Extensions --platform iphonesimulator --toolchain /var/run/com.apple.security.cryptexd/mnt/com.apple.MobileAsset.MetalToolchain-v17.2.54.0.SUhEXt/Metal.xctoolchain --toolchain /Applications/Xcode.app/Contents/Developer/Toolchains/XcodeDefault.xctoolchain --destination /Users/fezqazi/Library/Developer/Xcode/DerivedData/LifeFlow-foqoqjflknnquzefrknoawaafxoz/Build/Products/Debug-iphonesimulator/LifeFlow.app/Frameworks --strip-bitcode --strip-bitcode-tool /Applications/Xcode.app/Contents/Developer/Toolchains/XcodeDefault.xctoolchain/usr/bin/bitcode_strip --emit-dependency-info /Users/fezqazi/Library/Developer/Xcode/DerivedData/LifeFlow-foqoqjflknnquzefrknoawaafxoz/Build/Intermediates.noindex/LifeFlow.build/Debug-iphonesimulator/LifeFlow.build/SwiftStdLibToolInputDependencies.dep --filter-for-swift-os

** BUILD SUCCEEDED **

